<?xml version="1.0" encoding="UTF-8"?>
<testsuites name="jest tests" tests="6" failures="0" time="1.888">
  <testsuite name="objection-authorize" errors="0" failures="0" skipped="0" timestamp="2019-08-29T05:23:01" time="1.227" tests="6">
    <testcase classname="objection-authorize requires acl" name="objection-authorize requires acl" time="0.009">
    </testcase>
    <testcase classname="objection-authorize errors when you pass the grants object directly" name="objection-authorize errors when you pass the grants object directly" time="0.001">
    </testcase>
    <testcase classname="objection-authorize when using default options C works" name="objection-authorize when using default options C works" time="0.049">
    </testcase>
    <testcase classname="objection-authorize when using default options R works" name="objection-authorize when using default options R works" time="0.007">
    </testcase>
    <testcase classname="objection-authorize when using default options U works" name="objection-authorize when using default options U works" time="0.003">
    </testcase>
    <testcase classname="objection-authorize when using default options D works" name="objection-authorize when using default options D works" time="0.002">
    </testcase>
  </testsuite>
</testsuites>